// Jest Snapshot v1, https://goo.gl/fbAQLP

exports[`Pruebas en <RegisterScreeb /> Debe de mostarse correctamente 1`] = `
<div
  className="animate__animated animate__bounceIn"
>
  <h1
    className="auth__title"
  >
    Register
  </h1>
  <form
    onSubmit={[Function]}
  >
    <input
      autoComplete="off"
      className="auth__input"
      name="name"
      onChange={[Function]}
      placeholder="Name"
      type="text"
      value="Carlos"
    />
    <input
      autoComplete="off"
      className="auth__input"
      name="email"
      onChange={[Function]}
      placeholder="email"
      type="text"
      value="ckubota54@gmail.com"
    />
    <input
      className="auth__input"
      name="password"
      onChange={[Function]}
      placeholder="password"
      type="password"
      value="123456"
    />
    <input
      className="auth__input"
      name="password2"
      onChange={[Function]}
      placeholder="Confirm"
      type="password"
      value="123456"
    />
    <button
      className="btn btn-primary btn-block mb-5"
      type="submit"
    >
      Register
    </button>
    <a
      className="link"
      href="/auth/login"
      onClick={[Function]}
    >
      Alredy registered?
    </a>
  </form>
</div>
`;
